2024-12-18 11:56:58,832 - INFO - Starting the geocoding process...
2024-12-18 11:57:00,241 - WARNING - Retrying (Retry(total=1, connect=None, read=None, redirect=None, status=None)) after connection broken by 'ReadTimeoutError("HTTPSConnectionPool(host='nominatim.openstreetmap.org', port=443): Read timed out. (read timeout=1)")': /search?q=%D7%91%D7%9F+%D7%92%D7%95%D7%A8%D7%99%D7%95%D7%9F+48%2C+%D7%A8%D7%9E%D7%AA+%D7%92%D7%9F&format=json&limit=1
2024-12-18 11:57:01,257 - WARNING - Retrying (Retry(total=0, connect=None, read=None, redirect=None, status=None)) after connection broken by 'ReadTimeoutError("HTTPSConnectionPool(host='nominatim.openstreetmap.org', port=443): Read timed out. (read timeout=1)")': /search?q=%D7%91%D7%9F+%D7%92%D7%95%D7%A8%D7%99%D7%95%D7%9F+48%2C+%D7%A8%D7%9E%D7%AA+%D7%92%D7%9F&format=json&limit=1
2024-12-18 11:57:02,269 - ERROR - Error during geocoding: HTTPSConnectionPool(host='nominatim.openstreetmap.org', port=443): Max retries exceeded with url: /search?q=%D7%91%D7%9F+%D7%92%D7%95%D7%A8%D7%99%D7%95%D7%9F+48%2C+%D7%A8%D7%9E%D7%AA+%D7%92%D7%9F&format=json&limit=1 (Caused by ReadTimeoutError("HTTPSConnectionPool(host='nominatim.openstreetmap.org', port=443): Read timed out. (read timeout=1)"))
2024-12-18 12:04:07,994 - INFO - Starting the geocoding process...
2024-12-18 12:04:09,353 - WARNING - Retrying (Retry(total=1, connect=None, read=None, redirect=None, status=None)) after connection broken by 'ReadTimeoutError("HTTPSConnectionPool(host='nominatim.openstreetmap.org', port=443): Read timed out. (read timeout=1)")': /search?q=%D7%91%D7%9F+%D7%92%D7%95%D7%A8%D7%99%D7%95%D7%9F+48%2C+%D7%A8%D7%9E%D7%AA+%D7%92%D7%9F&format=json&limit=1
2024-12-18 12:04:09,622 - INFO - Geocoded start address: פנחס רוזן 72, תל אביב -> (32.1146917, 34.8257189)
2024-12-18 12:04:09,622 - INFO - Geocoded end address: בן גוריון 48, רמת גן -> (32.0870265, 34.8161305)
2024-12-18 12:04:09,622 - INFO - Downloading the road network...
2024-12-18 12:04:17,804 - INFO - Starting the geocoding process...
2024-12-18 12:04:18,917 - WARNING - Retrying (Retry(total=1, connect=None, read=None, redirect=None, status=None)) after connection broken by 'ReadTimeoutError("HTTPSConnectionPool(host='nominatim.openstreetmap.org', port=443): Read timed out. (read timeout=1)")': /search?q=%D7%91%D7%9F+%D7%92%D7%95%D7%A8%D7%99%D7%95%D7%9F+48%2C+%D7%A8%D7%9E%D7%AA+%D7%92%D7%9F&format=json&limit=1
2024-12-18 12:04:19,928 - WARNING - Retrying (Retry(total=0, connect=None, read=None, redirect=None, status=None)) after connection broken by 'ReadTimeoutError("HTTPSConnectionPool(host='nominatim.openstreetmap.org', port=443): Read timed out. (read timeout=1)")': /search?q=%D7%91%D7%9F+%D7%92%D7%95%D7%A8%D7%99%D7%95%D7%9F+48%2C+%D7%A8%D7%9E%D7%AA+%D7%92%D7%9F&format=json&limit=1
2024-12-18 12:04:20,945 - ERROR - Error during geocoding: HTTPSConnectionPool(host='nominatim.openstreetmap.org', port=443): Max retries exceeded with url: /search?q=%D7%91%D7%9F+%D7%92%D7%95%D7%A8%D7%99%D7%95%D7%9F+48%2C+%D7%A8%D7%9E%D7%AA+%D7%92%D7%9F&format=json&limit=1 (Caused by ReadTimeoutError("HTTPSConnectionPool(host='nominatim.openstreetmap.org', port=443): Read timed out. (read timeout=1)"))
2024-12-18 12:05:16,557 - INFO - Starting the geocoding process...
2024-12-18 12:05:17,680 - WARNING - Retrying (Retry(total=1, connect=None, read=None, redirect=None, status=None)) after connection broken by 'ReadTimeoutError("HTTPSConnectionPool(host='nominatim.openstreetmap.org', port=443): Read timed out. (read timeout=1)")': /search?q=%D7%91%D7%9F+%D7%92%D7%95%D7%A8%D7%99%D7%95%D7%9F+48%2C+%D7%A8%D7%9E%D7%AA+%D7%92%D7%9F&format=json&limit=1
2024-12-18 12:05:18,693 - WARNING - Retrying (Retry(total=0, connect=None, read=None, redirect=None, status=None)) after connection broken by 'ReadTimeoutError("HTTPSConnectionPool(host='nominatim.openstreetmap.org', port=443): Read timed out. (read timeout=1)")': /search?q=%D7%91%D7%9F+%D7%92%D7%95%D7%A8%D7%99%D7%95%D7%9F+48%2C+%D7%A8%D7%9E%D7%AA+%D7%92%D7%9F&format=json&limit=1
2024-12-18 12:05:19,704 - ERROR - Error during geocoding: HTTPSConnectionPool(host='nominatim.openstreetmap.org', port=443): Max retries exceeded with url: /search?q=%D7%91%D7%9F+%D7%92%D7%95%D7%A8%D7%99%D7%95%D7%9F+48%2C+%D7%A8%D7%9E%D7%AA+%D7%92%D7%9F&format=json&limit=1 (Caused by ReadTimeoutError("HTTPSConnectionPool(host='nominatim.openstreetmap.org', port=443): Read timed out. (read timeout=1)"))
2024-12-18 13:35:36,652 - INFO - Starting the geocoding process...
2024-12-18 13:35:37,777 - WARNING - Retrying (Retry(total=1, connect=None, read=None, redirect=None, status=None)) after connection broken by 'ReadTimeoutError("HTTPSConnectionPool(host='nominatim.openstreetmap.org', port=443): Read timed out. (read timeout=1)")': /search?q=%D7%A9%D7%93%D7%A8%D7%AA+%D7%94%D7%AA%D7%9E%D7%A8%D7%99%D7%9D+9%2C+%D7%A8%D7%9E%D7%AA+%D7%92%D7%9F&format=json&limit=1
2024-12-18 13:35:38,789 - INFO - Geocoded start address: פנחס רוזן 72, תל אביב -> (32.1146917, 34.8257189)
2024-12-18 13:35:38,790 - INFO - Geocoded end address: שדרת התמרים 9, רמת גן -> (32.08949228790395, 34.82150276003959)
2024-12-18 13:35:38,790 - INFO - Downloading a larger road network...
2024-12-18 13:35:55,457 - INFO - Larger road network downloaded successfully.
2024-12-18 13:35:55,458 - INFO - Finding nearest nodes for start and end points...
2024-12-18 13:35:55,544 - INFO - Nearest node to start: 4665356128
2024-12-18 13:35:55,544 - INFO - Nearest node to end: 270425812
2024-12-18 13:35:55,544 - INFO - Converting MultiDiGraph to DiGraph...
2024-12-18 13:35:55,958 - INFO - Conversion to DiGraph completed successfully.
2024-12-18 13:35:55,959 - INFO - Generating multiple driving routes using Yen's K-Shortest Paths...
2024-12-18 13:36:18,447 - ERROR - Error generating routes: 5914178740
2024-12-18 13:36:56,337 - INFO - Starting the geocoding process...
2024-12-18 13:36:57,448 - WARNING - Retrying (Retry(total=1, connect=None, read=None, redirect=None, status=None)) after connection broken by 'ReadTimeoutError("HTTPSConnectionPool(host='nominatim.openstreetmap.org', port=443): Read timed out. (read timeout=1)")': /search?q=%D7%A9%D7%93%D7%A8%D7%AA+%D7%94%D7%AA%D7%9E%D7%A8%D7%99%D7%9D+9%2C+%D7%A8%D7%9E%D7%AA+%D7%92%D7%9F&format=json&limit=1
2024-12-18 13:36:58,450 - INFO - Geocoded start address: פנחס רוזן 72, תל אביב -> (32.1146917, 34.8257189)
2024-12-18 13:36:58,450 - INFO - Geocoded end address: שדרת התמרים 9, רמת גן -> (32.08949228790395, 34.82150276003959)
2024-12-18 13:36:58,450 - INFO - Downloading a larger road network...
2024-12-18 13:37:11,950 - INFO - Starting the geocoding process...
2024-12-18 13:37:13,100 - WARNING - Retrying (Retry(total=1, connect=None, read=None, redirect=None, status=None)) after connection broken by 'ReadTimeoutError("HTTPSConnectionPool(host='nominatim.openstreetmap.org', port=443): Read timed out. (read timeout=1)")': /search?q=%D7%A9%D7%93%D7%A8%D7%AA+%D7%94%D7%AA%D7%9E%D7%A8%D7%99%D7%9D+9%2C+%D7%A8%D7%9E%D7%AA+%D7%92%D7%9F&format=json&limit=1
2024-12-18 13:37:14,071 - INFO - Geocoded start address: פנחס רוזן 72, תל אביב -> (32.1146917, 34.8257189)
2024-12-18 13:37:14,071 - INFO - Geocoded end address: שדרת התמרים 9, רמת גן -> (32.08949228790395, 34.82150276003959)
2024-12-18 13:37:14,072 - INFO - Downloading a larger road network...
2024-12-18 13:37:29,123 - INFO - Larger road network downloaded successfully.
2024-12-18 13:37:29,124 - INFO - Finding nearest nodes for start and end points...
2024-12-18 13:37:29,204 - INFO - Nearest node to start: 4665356128
2024-12-18 13:37:29,204 - INFO - Nearest node to end: 270425812
2024-12-18 13:37:29,204 - INFO - Converting MultiDiGraph to DiGraph...
2024-12-18 13:37:29,672 - INFO - Conversion to DiGraph completed successfully.
2024-12-18 13:37:29,672 - INFO - Generating multiple driving routes using Yen's K-Shortest Paths...
2024-12-18 13:37:51,709 - INFO - Generated 250 possible routes.
2024-12-18 13:37:51,713 - INFO - Creating an interactive map with all routes...
2024-12-18 13:37:51,917 - INFO - Map with all routes saved to all_routes_map.html
2024-12-18 13:37:51,917 - INFO - Open all_routes_map.html in a browser to view all possible routes.
2024-12-18 13:39:54,442 - INFO - Starting the geocoding process...
2024-12-18 13:39:55,587 - WARNING - Retrying (Retry(total=1, connect=None, read=None, redirect=None, status=None)) after connection broken by 'ReadTimeoutError("HTTPSConnectionPool(host='nominatim.openstreetmap.org', port=443): Read timed out. (read timeout=1)")': /search?q=%D7%A9%D7%93%D7%A8%D7%AA+%D7%94%D7%AA%D7%9E%D7%A8%D7%99%D7%9D+9%2C+%D7%A8%D7%9E%D7%AA+%D7%92%D7%9F&format=json&limit=1
2024-12-18 13:39:56,604 - WARNING - Retrying (Retry(total=0, connect=None, read=None, redirect=None, status=None)) after connection broken by 'ReadTimeoutError("HTTPSConnectionPool(host='nominatim.openstreetmap.org', port=443): Read timed out. (read timeout=1)")': /search?q=%D7%A9%D7%93%D7%A8%D7%AA+%D7%94%D7%AA%D7%9E%D7%A8%D7%99%D7%9D+9%2C+%D7%A8%D7%9E%D7%AA+%D7%92%D7%9F&format=json&limit=1
2024-12-18 13:39:57,599 - INFO - Geocoded start address: פנחס רוזן 72, תל אביב -> (32.1145575, 34.8257793)
2024-12-18 13:39:57,600 - INFO - Geocoded end address: שדרת התמרים 9, רמת גן -> (32.0898473, 34.8214817)
2024-12-18 13:39:57,600 - INFO - Downloading a larger road network...
2024-12-18 13:40:25,256 - INFO - Larger road network downloaded successfully.
2024-12-18 13:40:25,257 - INFO - Finding nearest nodes for start and end points...
2024-12-18 13:40:25,389 - INFO - Nearest node to start: 4665356128
2024-12-18 13:40:25,389 - INFO - Nearest node to end: 270425812
2024-12-18 13:40:25,389 - INFO - Converting MultiDiGraph to DiGraph...
2024-12-18 13:40:25,812 - INFO - Conversion to DiGraph completed successfully.
2024-12-18 13:40:25,812 - INFO - Generating multiple driving routes using Yen's K-Shortest Paths...
2024-12-18 13:40:42,427 - INFO - Generated 250 possible routes.
2024-12-18 13:40:42,435 - INFO - Creating an interactive map with all routes...
2024-12-18 13:40:42,675 - INFO - Map with all routes saved to all_routes_map.html
2024-12-18 13:40:42,675 - INFO - Open all_routes_map.html in a browser to view all possible routes.
2024-12-18 13:41:38,571 - INFO - Starting the geocoding process...
2024-12-18 13:41:39,672 - WARNING - Retrying (Retry(total=1, connect=None, read=None, redirect=None, status=None)) after connection broken by 'ReadTimeoutError("HTTPSConnectionPool(host='nominatim.openstreetmap.org', port=443): Read timed out. (read timeout=1)")': /search?q=%D7%A9%D7%93%D7%A8%D7%AA+%D7%94%D7%AA%D7%9E%D7%A8%D7%99%D7%9D+9%2C+%D7%A8%D7%9E%D7%AA+%D7%92%D7%9F&format=json&limit=1
2024-12-18 13:41:39,776 - INFO - Geocoded start address: פנחס רוזן 72, תל אביב -> (32.1145575, 34.8257793)
2024-12-18 13:41:39,777 - INFO - Geocoded end address: שדרת התמרים 9, רמת גן -> (32.08949228790395, 34.82150276003959)
2024-12-18 13:41:39,777 - INFO - Downloading a larger road network...
2024-12-18 13:42:36,622 - INFO - Larger road network downloaded successfully.
2024-12-18 13:42:36,624 - INFO - Finding nearest nodes for start and end points...
2024-12-18 13:42:36,885 - INFO - Nearest node to start: 4665356128
2024-12-18 13:42:36,885 - INFO - Nearest node to end: 270425812
2024-12-18 13:42:36,885 - INFO - Converting MultiDiGraph to DiGraph...
2024-12-18 13:42:37,531 - INFO - Conversion to DiGraph completed successfully.
2024-12-18 13:42:37,531 - INFO - Generating multiple driving routes using Yen's K-Shortest Paths...
2024-12-18 13:42:54,893 - INFO - Generated 250 possible routes.
2024-12-18 13:42:54,899 - INFO - Creating an interactive map with all routes...
2024-12-18 13:42:55,116 - INFO - Map with all routes saved to all_routes_map.html
2024-12-18 13:42:55,116 - INFO - Open all_routes_map.html in a browser to view all possible routes.
